// Vitest Snapshot v1, https://vitest.dev/guide/snapshot.html

exports[`NavBarMenu component > renders 1`] = `
<div>
  <button
    aria-controls="navbarNav"
    aria-expanded="false"
    aria-label="Toggle navigation"
    class="navbar-toggler"
    data-bs-target="#navbar-menu"
    data-bs-toggle="collapse"
    type="button"
  >
    <span
      class="navbar-toggler-icon"
    />
  </button>
  <div
    class="collapse navbar-collapse"
    id="navbar-menu"
  >
    <ul
      class="navbar-nav"
    >
      <li
        class="nav-item"
      >
        <a
          class="nav-link"
          href="/my-recipes"
        >
          My recipes
        </a>
      </li>
      <li
        class="nav-item"
      >
        <a
          class="nav-link"
          href="/cooking"
        >
          Cooking
        </a>
      </li>
    </ul>
  </div>
</div>
`;
